error: cannot find attribute `marine` in this scope
 --> $DIR/inner_vec_refs.rs:8:3
  |
8 | #[marine]
  |   ^^^

error: cannot find attribute `marine` in this scope
 --> $DIR/inner_vec_refs.rs:3:3
  |
3 | #[marine]
  |   ^^^

error[E0601]: `main` function not found in crate `$CRATE`
  --> $DIR/inner_vec_refs.rs:1:1
   |
1  | / #![allow(improper_ctypes)]
2  | |
3  | | #[marine]
4  | | pub fn inner_arrays_2(_arg: &Vec<Vec<Vec<Vec<u8>>>>) -> &Vec<Vec<&Vec<Vec<u8>>>> {
...  |
10 | |     unimplemented!()
11 | | }
   | |_^ consider adding a `main` function to `$DIR/tests/compilation_tests/export_functions/inner_vec_refs.rs`
