warning: field "field" of struct "A" has an attribute which could cause compatibility issues